O O B-light_on O O I-light_on O
O O
O O O O O
O O B-light_off I-light_off O O O
B-light_on O O I-light_on O
O O O
O O O O O O
O O B-light_on O O I-light_on O
O O O
O O B-light_on I-light_on O O
B-light_on O O
O O O B-light_on O O I-light_on
B-light_on I-light_on O O
O O B-light_on O O I-light_on
O B-light_on O O
O O O O O O
O O O O O
B-light_off O O O O
O O O O O O O O O
O B-light_on I-light_on O
O O O O O
O O B-light_on I-light_on O O O
O O B-light_off O O I-light_off O
O O B-light_on O O I-light_on O
O O B-light_on O O O
B-light_on O O O
O O O O O O O O
O O O O O
O O O O
O O B-light_off O I-light_off
O O B-light_off O O I-light_off O
O O O O O O O O O
O O
O O B-light_on I-light_on O O O
O O O O
O O O B-light_off O O
O O O O O
O O B-light_off I-light_off O O O
O O O O O
O O O B-light_off O I-light_off
O O O O O O
O O O B-light_on O O
O O O O O O
O B-light_off I-light_off O O
O O B-light_on O O I-light_on
O O O O O O
O O B-light_on O I-light_on O
B-light_on O O O
O O O B-light_on I-light_on O O
O B-light_on O O I-light_on
O O O O O O
O B-light_on O
O O B-light_on O O I-light_on O
O O O O O O
O B-light_on O O I-light_on
O O B-light_on I-light_on O O O
O O O O O O O
B-light_off O O
B-light_off O O
O O O O O O
O O O O O O
O O B-light_off I-light_off O O O
O O O O O O O O
O O B-light_on O O I-light_on O
O O O B-light_on O O
O O B-light_off O
O O B-light_off O O I-light_off
O O O O O O
O O O O O O
O O O O O O
O O O O O
O B-light_off O O
B-light_off O
O O O O
O O B-light_off O O I-light_off
O B-light_off O O
O O B-light_off O O I-light_off O
B-light_on O O
O O B-light_off O O
O O O O
O O O O
O O O O O O O
O O B-light_on O O
O B-light_on O O
O O O O O O O O O
O O O O O
B-light_on I-light_on O O
O O B-light_off O O O
O O B-light_on O
O O B-light_on O O I-light_on
B-light_on O O I-light_on O
O O O
O O O O O
O O O O O O
O O O
O O O O O O
O O B-light_off I-light_off O O
O O B-light_off O O I-light_off O
O B-light_on O O
O O O O O
O O B-light_on I-light_on O
O O O O O
O O O O O
B-light_off O O
O O O O
O O O O O
O O O B-light_on O O
O O B-light_off O O I-light_off O
O B-light_on O O I-light_on
O O O B-light_off I-light_off O O
O O B-light_on O O I-light_on O
B-light_off I-light_off O O O
O O O O O O O
O O O O O O
O O O O O
B-light_on O O O
O O B-light_off I-light_off O O
O O O O O O
O O O B-light_off I-light_off O O
B-light_off O I-light_off O
O B-light_off I-light_off O
O O B-light_off O
O O
B-light_on O O I-light_on
O O B-light_on I-light_on O
O O B-light_on O O O
O O O
O O O
O O B-light_on I-light_on O O O
B-light_on O O
O O O O O O
O O O O O O
O O O O O O O
B-light_on O I-light_on O
O O O O
O O O O O O O
O O B-light_on I-light_on O O
O O O
B-light_off O O I-light_off
O O
O O O O O O O
B-light_on O O
O O O B-light_off O
O O O B-light_off O O
O O O B-light_on I-light_on O O
O O B-light_on O O O
O O O B-light_off I-light_off O O
O O O B-light_on O O
O B-light_off O O
O B-light_on I-light_on
O O O B-light_off O O
O O B-light_on O O I-light_on
O O O O O
O O O O O O
O O O O O O O
O O B-light_on O O O O
O O O O
O O O B-light_off O O
O O B-light_on I-light_on O
O O O B-light_on I-light_on O O
